Archive member included to satisfy reference by file (symbol)

D:/TKHTN/STM32 cube/STM32CubeIDE_1.16.1/STM32CubeIDE/plugins/com.st.stm32cube.ide.mcu.externaltools.gnu-tools-for-stm32.12.3.rel1.win32_1.0.200.202406191623/tools/bin/../lib/gcc/arm-none-eabi/12.3.1/../../../../arm-none-eabi/lib/thumb/v7-m/nofp\libc_nano.a(libc_a-exit.o)
                              D:/TKHTN/STM32 cube/STM32CubeIDE_1.16.1/STM32CubeIDE/plugins/com.st.stm32cube.ide.mcu.externaltools.gnu-tools-for-stm32.12.3.rel1.win32_1.0.200.202406191623/tools/bin/../lib/gcc/arm-none-eabi/12.3.1/../../../../arm-none-eabi/lib/thumb/v7-m/nofp/crt0.o (exit)
D:/TKHTN/STM32 cube/STM32CubeIDE_1.16.1/STM32CubeIDE/plugins/com.st.stm32cube.ide.mcu.externaltools.gnu-tools-for-stm32.12.3.rel1.win32_1.0.200.202406191623/tools/bin/../lib/gcc/arm-none-eabi/12.3.1/../../../../arm-none-eabi/lib/thumb/v7-m/nofp\libc_nano.a(libc_a-findfp.o)
                              D:/TKHTN/STM32 cube/STM32CubeIDE_1.16.1/STM32CubeIDE/plugins/com.st.stm32cube.ide.mcu.externaltools.gnu-tools-for-stm32.12.3.rel1.win32_1.0.200.202406191623/tools/bin/../lib/gcc/arm-none-eabi/12.3.1/../../../../arm-none-eabi/lib/thumb/v7-m/nofp\libc_nano.a(libc_a-exit.o) (__stdio_exit_handler)
D:/TKHTN/STM32 cube/STM32CubeIDE_1.16.1/STM32CubeIDE/plugins/com.st.stm32cube.ide.mcu.externaltools.gnu-tools-for-stm32.12.3.rel1.win32_1.0.200.202406191623/tools/bin/../lib/gcc/arm-none-eabi/12.3.1/../../../../arm-none-eabi/lib/thumb/v7-m/nofp\libc_nano.a(libc_a-fwalk.o)
                              D:/TKHTN/STM32 cube/STM32CubeIDE_1.16.1/STM32CubeIDE/plugins/com.st.stm32cube.ide.mcu.externaltools.gnu-tools-for-stm32.12.3.rel1.win32_1.0.200.202406191623/tools/bin/../lib/gcc/arm-none-eabi/12.3.1/../../../../arm-none-eabi/lib/thumb/v7-m/nofp\libc_nano.a(libc_a-findfp.o) (_fwalk_sglue)
D:/TKHTN/STM32 cube/STM32CubeIDE_1.16.1/STM32CubeIDE/plugins/com.st.stm32cube.ide.mcu.externaltools.gnu-tools-for-stm32.12.3.rel1.win32_1.0.200.202406191623/tools/bin/../lib/gcc/arm-none-eabi/12.3.1/../../../../arm-none-eabi/lib/thumb/v7-m/nofp\libc_nano.a(libc_a-stdio.o)
                              D:/TKHTN/STM32 cube/STM32CubeIDE_1.16.1/STM32CubeIDE/plugins/com.st.stm32cube.ide.mcu.externaltools.gnu-tools-for-stm32.12.3.rel1.win32_1.0.200.202406191623/tools/bin/../lib/gcc/arm-none-eabi/12.3.1/../../../../arm-none-eabi/lib/thumb/v7-m/nofp\libc_nano.a(libc_a-findfp.o) (__sread)
D:/TKHTN/STM32 cube/STM32CubeIDE_1.16.1/STM32CubeIDE/plugins/com.st.stm32cube.ide.mcu.externaltools.gnu-tools-for-stm32.12.3.rel1.win32_1.0.200.202406191623/tools/bin/../lib/gcc/arm-none-eabi/12.3.1/../../../../arm-none-eabi/lib/thumb/v7-m/nofp\libc_nano.a(libc_a-memset.o)
                              D:/TKHTN/STM32 cube/STM32CubeIDE_1.16.1/STM32CubeIDE/plugins/com.st.stm32cube.ide.mcu.externaltools.gnu-tools-for-stm32.12.3.rel1.win32_1.0.200.202406191623/tools/bin/../lib/gcc/arm-none-eabi/12.3.1/../../../../arm-none-eabi/lib/thumb/v7-m/nofp/crt0.o (memset)
D:/TKHTN/STM32 cube/STM32CubeIDE_1.16.1/STM32CubeIDE/plugins/com.st.stm32cube.ide.mcu.externaltools.gnu-tools-for-stm32.12.3.rel1.win32_1.0.200.202406191623/tools/bin/../lib/gcc/arm-none-eabi/12.3.1/../../../../arm-none-eabi/lib/thumb/v7-m/nofp\libc_nano.a(libc_a-closer.o)
                              D:/TKHTN/STM32 cube/STM32CubeIDE_1.16.1/STM32CubeIDE/plugins/com.st.stm32cube.ide.mcu.externaltools.gnu-tools-for-stm32.12.3.rel1.win32_1.0.200.202406191623/tools/bin/../lib/gcc/arm-none-eabi/12.3.1/../../../../arm-none-eabi/lib/thumb/v7-m/nofp\libc_nano.a(libc_a-stdio.o) (_close_r)
D:/TKHTN/STM32 cube/STM32CubeIDE_1.16.1/STM32CubeIDE/plugins/com.st.stm32cube.ide.mcu.externaltools.gnu-tools-for-stm32.12.3.rel1.win32_1.0.200.202406191623/tools/bin/../lib/gcc/arm-none-eabi/12.3.1/../../../../arm-none-eabi/lib/thumb/v7-m/nofp\libc_nano.a(libc_a-reent.o)
                              D:/TKHTN/STM32 cube/STM32CubeIDE_1.16.1/STM32CubeIDE/plugins/com.st.stm32cube.ide.mcu.externaltools.gnu-tools-for-stm32.12.3.rel1.win32_1.0.200.202406191623/tools/bin/../lib/gcc/arm-none-eabi/12.3.1/../../../../arm-none-eabi/lib/thumb/v7-m/nofp\libc_nano.a(libc_a-closer.o) (errno)
D:/TKHTN/STM32 cube/STM32CubeIDE_1.16.1/STM32CubeIDE/plugins/com.st.stm32cube.ide.mcu.externaltools.gnu-tools-for-stm32.12.3.rel1.win32_1.0.200.202406191623/tools/bin/../lib/gcc/arm-none-eabi/12.3.1/../../../../arm-none-eabi/lib/thumb/v7-m/nofp\libc_nano.a(libc_a-impure.o)
                              D:/TKHTN/STM32 cube/STM32CubeIDE_1.16.1/STM32CubeIDE/plugins/com.st.stm32cube.ide.mcu.externaltools.gnu-tools-for-stm32.12.3.rel1.win32_1.0.200.202406191623/tools/bin/../lib/gcc/arm-none-eabi/12.3.1/../../../../arm-none-eabi/lib/thumb/v7-m/nofp\libc_nano.a(libc_a-reent.o) (_impure_ptr)
[...]
Memory Configuration

Name             Origin             Length             Attributes
RAM              0x20000000         0x00005000         xrw
FLASH            0x08000000         0x00010000         xr
*default*        0x00000000         0xffffffff

Linker script and memory map

LOAD D:/TKHTN/STM32 cube/STM32CubeIDE_1.16.1/STM32CubeIDE/plugins/com.st.stm32cube.ide.mcu.externaltools.gnu-tools-for-stm32.12.3.rel1.win32_1.0.200.202406191623/tools/bin/../lib/gcc/arm-none-eabi/12.3.1/thumb/v7-m/nofp/crti.o
LOAD D:/TKHTN/STM32 cube/STM32CubeIDE_1.16.1/STM32CubeIDE/plugins/com.st.stm32cube.ide.mcu.externaltools.gnu-tools-for-stm32.12.3.rel1.win32_1.0.200.202406191623/tools/bin/../lib/gcc/arm-none-eabi/12.3.1/thumb/v7-m/nofp/crtbegin.o
LOAD D:/TKHTN/STM32 cube/STM32CubeIDE_1.16.1/STM32CubeIDE/plugins/com.st.stm32cube.ide.mcu.externaltools.gnu-tools-for-stm32.12.3.rel1.win32_1.0.200.202406191623/tools/bin/../lib/gcc/arm-none-eabi/12.3.1/../../../../arm-none-eabi/lib/thumb/v7-m/nofp/crt0.o
LOAD ./Core/Src/Rc522.o
LOAD ./Core/Src/liquidcrystal_i2c.o
LOAD ./Core/Src/main.o
LOAD ./Core/Src/stm32f1xx_hal_msp.o
LOAD ./Core/Src/stm32f1xx_it.o
LOAD ./Core/Src/syscalls.o
LOAD ./Core/Src/sysmem.o
LOAD ./Core/Src/system_stm32f1xx.o
LOAD ./Core/Startup/startup_stm32f103c8tx.o
LOAD ./Drivers/STM32F1xx_HAL_Driver/Src/stm32f1xx_hal.o
LOAD ./Drivers/STM32F1xx_HAL_Driver/Src/stm32f1xx_hal_cortex.o
LOAD ./Drivers/STM32F1xx_HAL_Driver/Src/stm32f1xx_hal_dma.o
LOAD ./Drivers/STM32F1xx_HAL_Driver/Src/stm32f1xx_hal_exti.o
LOAD ./Drivers/STM32F1xx_HAL_Driver/Src/stm32f1xx_hal_flash.o
LOAD ./Drivers/STM32F1xx_HAL_Driver/Src/stm32f1xx_hal_flash_ex.o
LOAD ./Drivers/STM32F1xx_HAL_Driver/Src/stm32f1xx_hal_gpio.o
LOAD ./Drivers/STM32F1xx_HAL_Driver/Src/stm32f1xx_hal_gpio_ex.o
LOAD ./Drivers/STM32F1xx_HAL_Driver/Src/stm32f1xx_hal_i2c.o
LOAD ./Drivers/STM32F1xx_HAL_Driver/Src/stm32f1xx_hal_pwr.o
LOAD ./Drivers/STM32F1xx_HAL_Driver/Src/stm32f1xx_hal_rcc.o
LOAD ./Drivers/STM32F1xx_HAL_Driver/Src/stm32f1xx_hal_rcc_ex.o
LOAD ./Drivers/STM32F1xx_HAL_Driver/Src/stm32f1xx_hal_spi.o
LOAD ./Drivers/STM32F1xx_HAL_Driver/Src/stm32f1xx_hal_tim.o
LOAD ./Drivers/STM32F1xx_HAL_Driver/Src/stm32f1xx_hal_tim_ex.o
START GROUP
LOAD D:/TKHTN/STM32 cube/STM32CubeIDE_1.16.1/STM32CubeIDE/plugins/com.st.stm32cube.ide.mcu.externaltools.gnu-tools-for-stm32.12.3.rel1.win32_1.0.200.202406191623/tools/bin/../lib/gcc/arm-none-eabi/12.3.1/../../../../arm-none-eabi/lib/thumb/v7-m/nofp\libc_nano.a
LOAD D:/TKHTN/STM32 cube/STM32CubeIDE_1.16.1/STM32CubeIDE/plugins/com.st.stm32cube.ide.mcu.externaltools.gnu-tools-for-stm32.12.3.rel1.win32_1.0.200.202406191623/tools/bin/../lib/gcc/arm-none-eabi/12.3.1/../../../../arm-none-eabi/lib/thumb/v7-m/nofp\libm.a
END GROUP
START GROUP
LOAD D:/TKHTN/STM32 cube/STM32CubeIDE_1.16.1/STM32CubeIDE/plugins/com.st.stm32cube.ide.mcu.externaltools.gnu-tools-for-stm32.12.3.rel1.win32_1.0.200.202406191623/tools/bin/../lib/gcc/arm-none-eabi/12.3.1/thumb/v7-m/nofp\libgcc.a
LOAD D:/TKHTN/STM32 cube/STM32CubeIDE_1.16.1/STM32CubeIDE/plugins/com.st.stm32cube.ide.mcu.externaltools.gnu-tools-for-stm32.12.3.rel1.win32_1.0.200.202406191623/tools/bin/../lib/gcc/arm-none-eabi/12.3.1/../../../../arm-none-eabi/lib/thumb/v7-m/nofp\libc_nano.a
END GROUP
START GROUP
LOAD D:/TKHTN/STM32 cube/STM32CubeIDE_1.16.1/STM32CubeIDE/plugins/com.st.stm32cube.ide.mcu.externaltools.gnu-tools-for-stm32.12.3.rel1.win32_1.0.200.202406191623/tools/bin/../lib/gcc/arm-none-eabi/12.3.1/thumb/v7-m/nofp\libgcc.a
LOAD D:/TKHTN/STM32 cube/STM32CubeIDE_1.16.1/STM32CubeIDE/plugins/com.st.stm32cube.ide.mcu.externaltools.gnu-tools-for-stm32.12.3.rel1.win32_1.0.200.202406191623/tools/bin/../lib/gcc/arm-none-eabi/12.3.1/../../../../arm-none-eabi/lib/thumb/v7-m/nofp\libc_nano.a
LOAD D:/TKHTN/STM32 cube/STM32CubeIDE_1.16.1/STM32CubeIDE/plugins/com.st.stm32cube.ide.mcu.externaltools.gnu-tools-for-stm32.12.3.rel1.win32_1.0.200.202406191623/tools/bin/../lib/gcc/arm-none-eabi/12.3.1/../../../../arm-none-eabi/lib/thumb/v7-m/nofp\libnosys.a
END GROUP
START GROUP
LOAD D:/TKHTN/STM32 cube/STM32CubeIDE_1.16.1/STM32CubeIDE/plugins/com.st.stm32cube.ide.mcu.externaltools.gnu-tools-for-stm32.12.3.rel1.win32_1.0.200.202406191623/tools/bin/../lib/gcc/arm-none-eabi/12.3.1/thumb/v7-m/nofp\libgcc.a
LOAD D:/TKHTN/STM32 cube/STM32CubeIDE_1.16.1/STM32CubeIDE/plugins/com.st.stm32cube.ide.mcu.externaltools.gnu-tools-for-stm32.12.3.rel1.win32_1.0.200.202406191623/tools/bin/../lib/gcc/arm-none-eabi/12.3.1/../../../../arm-none-eabi/lib/thumb/v7-m/nofp\libc_nano.a
LOAD D:/TKHTN/STM32 cube/STM32CubeIDE_1.16.1/STM32CubeIDE/plugins/com.st.stm32cube.ide.mcu.externaltools.gnu-tools-for-stm32.12.3.rel1.win32_1.0.200.202406191623/tools/bin/../lib/gcc/arm-none-eabi/12.3.1/../../../../arm-none-eabi/lib/thumb/v7-m/nofp\libnosys.a
END GROUP
LOAD D:/TKHTN/STM32 cube/STM32CubeIDE_1.16.1/STM32CubeIDE/plugins/com.st.stm32cube.ide.mcu.externaltools.gnu-tools-for-stm32.12.3.rel1.win32_1.0.200.202406191623/tools/bin/../lib/gcc/arm-none-eabi/12.3.1/thumb/v7-m/nofp/crtend.o
LOAD D:/TKHTN/STM32 cube/STM32CubeIDE_1.16.1/STM32CubeIDE/plugins/com.st.stm32cube.ide.mcu.externaltools.gnu-tools-for-stm32.12.3.rel1.win32_1.0.200.202406191623/tools/bin/../lib/gcc/arm-none-eabi/12.3.1/thumb/v7-m/nofp/crtn.o
                0x20005000                        _estack = (ORIGIN (RAM) + LENGTH (RAM))
                0x00000200                        _Min_Heap_Size = 0x200
                0x00000400                        _Min_Stack_Size = 0x400

.isr_vector     0x08000000      0x10c
                0x08000000                        . = ALIGN (0x4)
 *(.isr_vector)
 .isr_vector    0x08000000      0x10c ./Core/Startup/startup_stm32f103c8tx.o
                0x08000000                g_pfnVectors
                0x0800010c                        . = ALIGN (0x4)

.text           0x0800010c     0x2b64
                0x0800010c                        . = ALIGN (0x4)
 *(.text)
 .text          0x0800010c       0x40 D:/TKHTN/STM32 cube/STM32CubeIDE_1.16.1/STM32CubeIDE/plugins/com.st.stm32cube.ide.mcu.externaltools.gnu-tools-for-stm32.12.3.rel1.win32_1.0.200.202406191623/tools/bin/../lib/gcc/arm-none-eabi/12.3.1/thumb/v7-m/nofp/crtbegin.o
 *(.text*)
 .text.RC522_SPI_Transfer
                0x0800014c       0x2c ./Core/Src/Rc522.o
                0x0800014c                RC522_SPI_Transfer
 .text.Write_MFRC522
                0x08000178       0x4c ./Core/Src/Rc522.o
                0x08000178                Write_MFRC522
 .text.Read_MFRC522
                0x080001c4       0x50 ./Core/Src/Rc522.o
                0x080001c4                Read_MFRC522
 .text.SetBitMask
                0x08000214       0x36 ./Core/Src/Rc522.o
                0x08000214                SetBitMask
 .text.ClearBitMask
                0x0800024a       0x40 ./Core/Src/Rc522.o
                0x0800024a                ClearBitMask
 .text.AntennaOn
                0x0800028a       0x16 ./Core/Src/Rc522.o
                0x0800028a                AntennaOn
 .text.MFRC522_Reset
                0x080002a0       0x10 ./Core/Src/Rc522.o
                0x080002a0                MFRC522_Reset
 .text.MFRC522_Init
                0x080002b0       0x5c ./Core/Src/Rc522.o
                0x080002b0                MFRC522_Init
 .text.MFRC522_ToCard
                0x0800030c      0x192 ./Core/Src/Rc522.o
                0x0800030c                MFRC522_ToCard
 .text.MFRC522_Request
                0x0800049e       0x4a ./Core/Src/Rc522.o
                0x0800049e                MFRC522_Request
 .text.MFRC522_Anticoll
                0x080004e8       0x7a ./Core/Src/Rc522.o
                0x080004e8                MFRC522_Anticoll
 *fill*         0x08000562        0x2 
 .text.HD44780_Init
                0x08000564      0x108 ./Core/Src/liquidcrystal_i2c.o
                0x08000564                HD44780_Init
 .text.HD44780_Clear
                0x0800066c       0x16 ./Core/Src/liquidcrystal_i2c.o
                0x0800066c                HD44780_Clear
 .text.HD44780_Home
                0x08000682       0x16 ./Core/Src/liquidcrystal_i2c.o
                0x08000682                HD44780_Home
 .text.HD44780_SetCursor
                0x08000698       0x64 ./Core/Src/liquidcrystal_i2c.o
                0x08000698                HD44780_SetCursor
 .text.HD44780_Display
                0x080006fc       0x2c ./Core/Src/liquidcrystal_i2c.o
                0x080006fc                HD44780_Display
 .text.HD44780_CreateSpecialChar
                0x08000728       0x52 ./Core/Src/liquidcrystal_i2c.o
                0x08000728                HD44780_CreateSpecialChar
 .text.HD44780_PrintStr
                0x0800077a       0x2a ./Core/Src/liquidcrystal_i2c.o
                0x0800077a                HD44780_PrintStr
 .text.SendCommand
                0x080007a4       0x1c ./Core/Src/liquidcrystal_i2c.o
 .text.SendChar
                0x080007c0       0x1c ./Core/Src/liquidcrystal_i2c.o
 .text.Send     0x080007dc       0x42 ./Core/Src/liquidcrystal_i2c.o
 .text.Write4Bits
                0x0800081e       0x22 ./Core/Src/liquidcrystal_i2c.o
 .text.ExpanderWrite
                0x08000840       0x38 ./Core/Src/liquidcrystal_i2c.o
 .text.PulseEnable
                0x08000878       0x3a ./Core/Src/liquidcrystal_i2c.o
 *fill*         0x080008b2        0x2 
 .text.DelayInit
                0x080008b4       0x50 ./Core/Src/liquidcrystal_i2c.o
 .text.DelayUS  0x08000904       0x4c ./Core/Src/liquidcrystal_i2c.o
 .text.main     0x08000950      0x11c ./Core/Src/main.o
                0x08000950                main
 .text.SystemClock_Config
                0x08000a6c       0x8a ./Core/Src/main.o
                0x08000a6c                SystemClock_Config
 *fill*         0x08000af6        0x2 
 .text.MX_I2C1_Init
                0x08000af8       0x5c ./Core/Src/main.o
 .text.MX_SPI1_Init
                0x08000b54       0x6c ./Core/Src/main.o
 .text.MX_GPIO_Init
                0x08000bc0      0x104 ./Core/Src/main.o
 .text.Error_Handler
                0x08000cc4        0xc ./Core/Src/main.o
                0x08000cc4                Error_Handler
 .text.HAL_MspInit
                0x08000cd0       0x64 ./Core/Src/stm32f1xx_hal_msp.o
                0x08000cd0                HAL_MspInit
 .text.HAL_I2C_MspInit
                0x08000d34       0x7c ./Core/Src/stm32f1xx_hal_msp.o
                0x08000d34                HAL_I2C_MspInit
 .text.HAL_SPI_MspInit
                0x08000db0       0x94 ./Core/Src/stm32f1xx_hal_msp.o
                0x08000db0                HAL_SPI_MspInit
 .text.NMI_Handler
                0x08000e44        0x8 ./Core/Src/stm32f1xx_it.o
                0x08000e44                NMI_Handler
 .text.HardFault_Handler
                0x08000e4c        0x8 ./Core/Src/stm32f1xx_it.o
                0x08000e4c                HardFault_Handler
 .text.MemManage_Handler
                0x08000e54        0x8 ./Core/Src/stm32f1xx_it.o
                0x08000e54                MemManage_Handler
 .text.BusFault_Handler
                0x08000e5c        0x8 ./Core/Src/stm32f1xx_it.o
                0x08000e5c                BusFault_Handler
 .text.UsageFault_Handler
                0x08000e64        0x8 ./Core/Src/stm32f1xx_it.o
                0x08000e64                UsageFault_Handler
 .text.SVC_Handler
                0x08000e6c        0xc ./Core/Src/stm32f1xx_it.o
                0x08000e6c                SVC_Handler
 .text.DebugMon_Handler
                0x08000e78        0xc ./Core/Src/stm32f1xx_it.o
                0x08000e78                DebugMon_Handler
 .text.PendSV_Handler
                0x08000e84        0xc ./Core/Src/stm32f1xx_it.o
                0x08000e84                PendSV_Handler
 .text.SysTick_Handler
                0x08000e90        0xc ./Core/Src/stm32f1xx_it.o
                0x08000e90                SysTick_Handler
 .text.SystemInit
                0x08000e9c        0xc ./Core/Src/system_stm32f1xx.o
                0x08000e9c                SystemInit
 .text.Reset_Handler
                0x08000ea8       0x48 ./Core/Startup/startup_stm32f103c8tx.o
                0x08000ea8                Reset_Handler
 .text.Default_Handler
                0x08000ef0        0x2 ./Core/Startup/startup_stm32f103c8tx.o
                0x08000ef0                RTC_Alarm_IRQHandler
                0x08000ef0                EXTI2_IRQHandler
                0x08000ef0                TIM1_CC_IRQHandler
                0x08000ef0                PVD_IRQHandler
                0x08000ef0                EXTI3_IRQHandler
                0x08000ef0                EXTI0_IRQHandler
                0x08000ef0                I2C2_EV_IRQHandler
                0x08000ef0                ADC1_2_IRQHandler
                0x08000ef0                SPI1_IRQHandler
                0x08000ef0                TAMPER_IRQHandler
                0x08000ef0                DMA1_Channel4_IRQHandler
                0x08000ef0                USART3_IRQHandler
                0x08000ef0                RTC_IRQHandler
                0x08000ef0                DMA1_Channel7_IRQHandler
                0x08000ef0                CAN1_RX1_IRQHandler
                0x08000ef0                TIM4_IRQHandler
                0x08000ef0                I2C1_EV_IRQHandler
                0x08000ef0                DMA1_Channel6_IRQHandler
                0x08000ef0                TIM3_IRQHandler
                0x08000ef0                RCC_IRQHandler
                0x08000ef0                TIM1_TRG_COM_IRQHandler
                0x08000ef0                DMA1_Channel1_IRQHandler
                0x08000ef0                Default_Handler
                0x08000ef0                EXTI15_10_IRQHandler
                0x08000ef0                EXTI9_5_IRQHandler
                0x08000ef0                SPI2_IRQHandler
                0x08000ef0                DMA1_Channel5_IRQHandler
                0x08000ef0                EXTI4_IRQHandler
                0x08000ef0                USB_LP_CAN1_RX0_IRQHandler
                0x08000ef0                USB_HP_CAN1_TX_IRQHandler
                0x08000ef0                DMA1_Channel3_IRQHandler
                0x08000ef0                TIM1_UP_IRQHandler
                0x08000ef0                WWDG_IRQHandler
                0x08000ef0                TIM2_IRQHandler
                0x08000ef0                TIM1_BRK_IRQHandler
                0x08000ef0                EXTI1_IRQHandler
                0x08000ef0                USART2_IRQHandler
                0x08000ef0                I2C2_ER_IRQHandler
                0x08000ef0                DMA1_Channel2_IRQHandler
                0x08000ef0                CAN1_SCE_IRQHandler
                0x08000ef0                FLASH_IRQHandler
                0x08000ef0                USART1_IRQHandler
                0x08000ef0                I2C1_ER_IRQHandler
                0x08000ef0                USBWakeUp_IRQHandler
 *fill*         0x08000ef2        0x2 
 .text.HAL_Init
                0x08000ef4       0x2c ./Drivers/STM32F1xx_HAL_Driver/Src/stm32f1xx_hal.o
                0x08000ef4                HAL_Init
 .text.HAL_InitTick
                0x08000f20       0x60 ./Drivers/STM32F1xx_HAL_Driver/Src/stm32f1xx_hal.o
                0x08000f20                HAL_InitTick
 .text.HAL_IncTick
                0x08000f80       0x24 ./Drivers/STM32F1xx_HAL_Driver/Src/stm32f1xx_hal.o
                0x08000f80                HAL_IncTick
 .text.HAL_GetTick
                0x08000fa4       0x14 ./Drivers/STM32F1xx_HAL_Driver/Src/stm32f1xx_hal.o
                0x08000fa4                HAL_GetTick
 .text.HAL_Delay
                0x08000fb8       0x48 ./Drivers/STM32F1xx_HAL_Driver/Src/stm32f1xx_hal.o
                0x08000fb8                HAL_Delay
 .text.__NVIC_SetPriorityGrouping
                0x08001000       0x48 ./Drivers/STM32F1xx_HAL_Driver/Src/stm32f1xx_hal_cortex.o
 .text.__NVIC_GetPriorityGrouping
                0x08001048       0x1c ./Drivers/STM32F1xx_HAL_Driver/Src/stm32f1xx_hal_cortex.o
 .text.__NVIC_SetPriority
                0x08001064       0x54 ./Drivers/STM32F1xx_HAL_Driver/Src/stm32f1xx_hal_cortex.o
 .text.NVIC_EncodePriority
                0x080010b8       0x64 ./Drivers/STM32F1xx_HAL_Driver/Src/stm32f1xx_hal_cortex.o
 .text.SysTick_Config
                0x0800111c       0x44 ./Drivers/STM32F1xx_HAL_Driver/Src/stm32f1xx_hal_cortex.o
 .text.HAL_NVIC_SetPriorityGrouping
                0x08001160       0x16 ./Drivers/STM32F1xx_HAL_Driver/Src/stm32f1xx_hal_cortex.o
                0x08001160                HAL_NVIC_SetPriorityGrouping
 .text.HAL_NVIC_SetPriority
                0x08001176       0x38 ./Drivers/STM32F1xx_HAL_Driver/Src/stm32f1xx_hal_cortex.o
                0x08001176                HAL_NVIC_SetPriority
 .text.HAL_SYSTICK_Config
                0x080011ae       0x18 ./Drivers/STM32F1xx_HAL_Driver/Src/stm32f1xx_hal_cortex.o
                0x080011ae                HAL_SYSTICK_Config
 *fill*         0x080011c6        0x2 
 .text.HAL_GPIO_Init
                0x080011c8      0x308 ./Drivers/STM32F1xx_HAL_Driver/Src/stm32f1xx_hal_gpio.o
                0x080011c8                HAL_GPIO_Init
 .text.HAL_GPIO_WritePin
                0x080014d0       0x30 ./Drivers/STM32F1xx_HAL_Driver/Src/stm32f1xx_hal_gpio.o
                0x080014d0                HAL_GPIO_WritePin
 .text.HAL_I2C_Init
                0x08001500      0x288 ./Drivers/STM32F1xx_HAL_Driver/Src/stm32f1xx_hal_i2c.o
                0x08001500                HAL_I2C_Init
 .text.HAL_I2C_Master_Transmit
                0x08001788      0x1fc ./Drivers/STM32F1xx_HAL_Driver/Src/stm32f1xx_hal_i2c.o
                0x08001788                HAL_I2C_Master_Transmit
 .text.I2C_MasterRequestWrite
                0x08001984      0x104 ./Drivers/STM32F1xx_HAL_Driver/Src/stm32f1xx_hal_i2c.o
 .text.I2C_WaitOnFlagUntilTimeout
                0x08001a88       0xf4 ./Drivers/STM32F1xx_HAL_Driver/Src/stm32f1xx_hal_i2c.o
 .text.I2C_WaitOnMasterAddressFlagUntilTimeout
                0x08001b7c      0x140 ./Drivers/STM32F1xx_HAL_Driver/Src/stm32f1xx_hal_i2c.o
 .text.I2C_WaitOnTXEFlagUntilTimeout
                0x08001cbc       0x90 ./Drivers/STM32F1xx_HAL_Driver/Src/stm32f1xx_hal_i2c.o
 .text.I2C_WaitOnBTFFlagUntilTimeout
                0x08001d4c       0x90 ./Drivers/STM32F1xx_HAL_Driver/Src/stm32f1xx_hal_i2c.o
 .text.I2C_IsAcknowledgeFailed
                0x08001ddc       0x5c ./Drivers/STM32F1xx_HAL_Driver/Src/stm32f1xx_hal_i2c.o
 .text.HAL_RCC_OscConfig
                0x08001e38      0x504 ./Drivers/STM32F1xx_HAL_Driver/Src/stm32f1xx_hal_rcc.o
                0x08001e38                HAL_RCC_OscConfig
 .text.HAL_RCC_ClockConfig
                0x0800233c      0x1d4 ./Drivers/STM32F1xx_HAL_Driver/Src/stm32f1xx_hal_rcc.o
                0x0800233c                HAL_RCC_ClockConfig
 .text.HAL_RCC_GetSysClockFreq
                0x08002510       0xa8 ./Drivers/STM32F1xx_HAL_Driver/Src/stm32f1xx_hal_rcc.o
                0x08002510                HAL_RCC_GetSysClockFreq
 .text.HAL_RCC_GetHCLKFreq
                0x080025b8       0x14 ./Drivers/STM32F1xx_HAL_Driver/Src/stm32f1xx_hal_rcc.o
                0x080025b8                HAL_RCC_GetHCLKFreq
 .text.HAL_RCC_GetPCLK1Freq
                0x080025cc       0x28 ./Drivers/STM32F1xx_HAL_Driver/Src/stm32f1xx_hal_rcc.o
                0x080025cc                HAL_RCC_GetPCLK1Freq
 .text.RCC_Delay
                0x080025f4       0x3c ./Drivers/STM32F1xx_HAL_Driver/Src/stm32f1xx_hal_rcc.o
 .text.HAL_SPI_Init
                0x08002630      0x108 ./Drivers/STM32F1xx_HAL_Driver/Src/stm32f1xx_hal_spi.o
                0x08002630                HAL_SPI_Init
 .text.HAL_SPI_TransmitReceive
                0x08002738      0x352 ./Drivers/STM32F1xx_HAL_Driver/Src/stm32f1xx_hal_spi.o
                0x08002738                HAL_SPI_TransmitReceive
 *fill*         0x08002a8a        0x2 
 .text.SPI_WaitFlagStateUntilTimeout
                0x08002a8c      0x110 ./Drivers/STM32F1xx_HAL_Driver/Src/stm32f1xx_hal_spi.o
 .text.SPI_EndRxTxTransaction
                0x08002b9c       0x62 ./Drivers/STM32F1xx_HAL_Driver/Src/stm32f1xx_hal_spi.o
 .text.memset   0x08002bfe       0x10 D:/TKHTN/STM32 cube/STM32CubeIDE_1.16.1/STM32CubeIDE/plugins/com.st.stm32cube.ide.mcu.externaltools.gnu-tools-for-stm32.12.3.rel1.win32_1.0.200.202406191623/tools/bin/../lib/gcc/arm-none-eabi/12.3.1/../../../../arm-none-eabi/lib/thumb/v7-m/nofp\libc_nano.a(libc_a-memset.o)
                0x08002bfe                memset
 *fill*         0x08002c0e        0x2 
 .text.__libc_init_array
                0x08002c10       0x48 D:/TKHTN/STM32 cube/STM32CubeIDE_1.16.1/STM32CubeIDE/plugins/com.st.stm32cube.ide.mcu.externaltools.gnu-tools-for-stm32.12.3.rel1.win32_1.0.200.202406191623/tools/bin/../lib/gcc/arm-none-eabi/12.3.1/../../../../arm-none-eabi/lib/thumb/v7-m/nofp\libc_nano.a(libc_a-init.o)
                0x08002c10                __libc_init_array
 *(.glue_7)
 .glue_7        0x08002c58        0x0 linker stubs
 *(.glue_7t)
 .glue_7t       0x08002c58        0x0 linker stubs
 *(.eh_frame)
 .eh_frame      0x08002c58        0x0 D:/TKHTN/STM32 cube/STM32CubeIDE_1.16.1/STM32CubeIDE/plugins/com.st.stm32cube.ide.mcu.externaltools.gnu-tools-for-stm32.12.3.rel1.win32_1.0.200.202406191623/tools/bin/../lib/gcc/arm-none-eabi/12.3.1/thumb/v7-m/nofp/crtbegin.o
 *(.init)
 .init          0x08002c58        0x4 D:/TKHTN/STM32 cube/STM32CubeIDE_1.16.1/STM32CubeIDE/plugins/com.st.stm32cube.ide.mcu.externaltools.gnu-tools-for-stm32.12.3.rel1.win32_1.0.200.202406191623/tools/bin/../lib/gcc/arm-none-eabi/12.3.1/thumb/v7-m/nofp/crti.o
                0x08002c58                _init
 .init          0x08002c5c        0x8 D:/TKHTN/STM32 cube/STM32CubeIDE_1.16.1/STM32CubeIDE/plugins/com.st.stm32cube.ide.mcu.externaltools.gnu-tools-for-stm32.12.3.rel1.win32_1.0.200.202406191623/tools/bin/../lib/gcc/arm-none-eabi/12.3.1/thumb/v7-m/nofp/crtn.o
 *(.fini)
 .fini          0x08002c64        0x4 D:/TKHTN/STM32 cube/STM32CubeIDE_1.16.1/STM32CubeIDE/plugins/com.st.stm32cube.ide.mcu.externaltools.gnu-tools-for-stm32.12.3.rel1.win32_1.0.200.202406191623/tools/bin/../lib/gcc/arm-none-eabi/12.3.1/thumb/v7-m/nofp/crti.o
                0x08002c64                _fini
 .fini          0x08002c68        0x8 D:/TKHTN/STM32 cube/STM32CubeIDE_1.16.1/STM32CubeIDE/plugins/com.st.stm32cube.ide.mcu.externaltools.gnu-tools-for-stm32.12.3.rel1.win32_1.0.200.202406191623/tools/bin/../lib/gcc/arm-none-eabi/12.3.1/thumb/v7-m/nofp/crtn.o
                0x08002c70                        . = ALIGN (0x4)
                0x08002c70                        _etext = .

.vfp11_veneer   0x08002c70        0x0
 .vfp11_veneer  0x08002c70        0x0 linker stubs

.v4_bx          0x08002c70        0x0
 .v4_bx         0x08002c70        0x0 linker stubs

.iplt           0x08002c70        0x0
 .iplt          0x08002c70        0x0 D:/TKHTN/STM32 cube/STM32CubeIDE_1.16.1/STM32CubeIDE/plugins/com.st.stm32cube.ide.mcu.externaltools.gnu-tools-for-stm32.12.3.rel1.win32_1.0.200.202406191623/tools/bin/../lib/gcc/arm-none-eabi/12.3.1/thumb/v7-m/nofp/crtbegin.o

.rodata         0x08002c70       0x4c
                0x08002c70                        . = ALIGN (0x4)
 *(.rodata)
 .rodata        0x08002c70       0x10 ./Core/Src/liquidcrystal_i2c.o
 .rodata        0x08002c80        0xe ./Core/Src/main.o
 *(.rodata*)
 *fill*         0x08002c8e        0x2 
 .rodata.AHBPrescTable
                0x08002c90       0x10 ./Core/Src/system_stm32f1xx.o
                0x08002c90                AHBPrescTable
 .rodata.APBPrescTable
                0x08002ca0        0x8 ./Core/Src/system_stm32f1xx.o
                0x08002ca0                APBPrescTable
 .rodata.aPLLMULFactorTable.1
                0x08002ca8       0x10 ./Drivers/STM32F1xx_HAL_Driver/Src/stm32f1xx_hal_rcc.o
 .rodata.aPredivFactorTable.0
                0x08002cb8        0x2 ./Drivers/STM32F1xx_HAL_Driver/Src/stm32f1xx_hal_rcc.o
                0x08002cbc                        . = ALIGN (0x4)
 *fill*         0x08002cba        0x2 

.ARM.extab      0x08002cbc        0x0
                0x08002cbc                        . = ALIGN (0x4)
 *(.ARM.extab* .gnu.linkonce.armextab.*)
                0x08002cbc                        . = ALIGN (0x4)

.ARM            0x08002cbc        0x0
                0x08002cbc                        . = ALIGN (0x4)
                0x08002cbc                        __exidx_start = .
 *(.ARM.exidx*)
                0x08002cbc                        __exidx_end = .
                0x08002cbc                        . = ALIGN (0x4)

.preinit_array  0x08002cbc        0x0
                0x08002cbc                        . = ALIGN (0x4)
                0x08002cbc                        PROVIDE (__preinit_array_start = .)
 *(.preinit_array*)
                0x08002cbc                        PROVIDE (__preinit_array_end = .)
                0x08002cbc                        . = ALIGN (0x4)

.init_array     0x08002cbc        0x4
                0x08002cbc                        . = ALIGN (0x4)
                0x08002cbc                        PROVIDE (__init_array_start = .)
 *(SORT_BY_NAME(.init_array.*))
 *(.init_array*)
 .init_array    0x08002cbc        0x4 D:/TKHTN/STM32 cube/STM32CubeIDE_1.16.1/STM32CubeIDE/plugins/com.st.stm32cube.ide.mcu.externaltools.gnu-tools-for-stm32.12.3.rel1.win32_1.0.200.202406191623/tools/bin/../lib/gcc/arm-none-eabi/12.3.1/thumb/v7-m/nofp/crtbegin.o
                0x08002cc0                        PROVIDE (__init_array_end = .)
                0x08002cc0                        . = ALIGN (0x4)

.fini_array     0x08002cc0        0x4
                0x08002cc0                        . = ALIGN (0x4)
                [!provide]                        PROVIDE (__fini_array_start = .)
 *(SORT_BY_NAME(.fini_array.*))
 *(.fini_array*)
 .fini_array    0x08002cc0        0x4 D:/TKHTN/STM32 cube/STM32CubeIDE_1.16.1/STM32CubeIDE/plugins/com.st.stm32cube.ide.mcu.externaltools.gnu-tools-for-stm32.12.3.rel1.win32_1.0.200.202406191623/tools/bin/../lib/gcc/arm-none-eabi/12.3.1/thumb/v7-m/nofp/crtbegin.o
                [!provide]                        PROVIDE (__fini_array_end = .)
                0x08002cc4                        . = ALIGN (0x4)
                0x08002cc4                        _sidata = LOADADDR (.data)

.rel.dyn        0x08002cc4        0x0
 .rel.iplt      0x08002cc4        0x0 D:/TKHTN/STM32 cube/STM32CubeIDE_1.16.1/STM32CubeIDE/plugins/com.st.stm32cube.ide.mcu.externaltools.gnu-tools-for-stm32.12.3.rel1.win32_1.0.200.202406191623/tools/bin/../lib/gcc/arm-none-eabi/12.3.1/thumb/v7-m/nofp/crtbegin.o

.data           0x20000000       0x1c load address 0x08002cc4
                0x20000000                        . = ALIGN (0x4)
                0x20000000                        _sdata = .
 *(.data)
 *(.data*)
 .data.special1
                0x20000000        0x8 ./Core/Src/liquidcrystal_i2c.o
                0x20000000                special1
 .data.special2
                0x20000008        0x8 ./Core/Src/liquidcrystal_i2c.o
                0x20000008                special2
 .data.SystemCoreClock
                0x20000010        0x4 ./Core/Src/system_stm32f1xx.o
                0x20000010                SystemCoreClock
 .data.uwTickPrio
                0x20000014        0x4 ./Drivers/STM32F1xx_HAL_Driver/Src/stm32f1xx_hal.o
                0x20000014                uwTickPrio
 .data.uwTickFreq
                0x20000018        0x1 ./Drivers/STM32F1xx_HAL_Driver/Src/stm32f1xx_hal.o
                0x20000018                uwTickFreq
 *(.RamFunc)
 *(.RamFunc*)
                0x2000001c                        . = ALIGN (0x4)
 *fill*         0x20000019        0x3 
                0x2000001c                        _edata = .

.igot.plt       0x2000001c        0x0 load address 0x08002ce0
 .igot.plt      0x2000001c        0x0 D:/TKHTN/STM32 cube/STM32CubeIDE_1.16.1/STM32CubeIDE/plugins/com.st.stm32cube.ide.mcu.externaltools.gnu-tools-for-stm32.12.3.rel1.win32_1.0.200.202406191623/tools/bin/../lib/gcc/arm-none-eabi/12.3.1/thumb/v7-m/nofp/crtbegin.o
                0x2000001c                        . = ALIGN (0x4)

.bss            0x2000001c       0xf0 load address 0x08002ce0
                0x2000001c                        _sbss = .
                0x2000001c                        __bss_start__ = _sbss
 *(.bss)
 .bss           0x2000001c       0x1c D:/TKHTN/STM32 cube/STM32CubeIDE_1.16.1/STM32CubeIDE/plugins/com.st.stm32cube.ide.mcu.externaltools.gnu-tools-for-stm32.12.3.rel1.win32_1.0.200.202406191623/tools/bin/../lib/gcc/arm-none-eabi/12.3.1/thumb/v7-m/nofp/crtbegin.o
 *(.bss*)
 .bss.dpFunction
                0x20000038        0x1 ./Core/Src/liquidcrystal_i2c.o
                0x20000038                dpFunction
 .bss.dpControl
                0x20000039        0x1 ./Core/Src/liquidcrystal_i2c.o
                0x20000039                dpControl
 .bss.dpMode    0x2000003a        0x1 ./Core/Src/liquidcrystal_i2c.o
                0x2000003a                dpMode
 .bss.dpRows    0x2000003b        0x1 ./Core/Src/liquidcrystal_i2c.o
                0x2000003b                dpRows
 .bss.dpBacklight
                0x2000003c        0x1 ./Core/Src/liquidcrystal_i2c.o
                0x2000003c                dpBacklight
 *fill*         0x2000003d        0x3 
 .bss.hi2c1     0x20000040       0x54 ./Core/Src/main.o
                0x20000040                hi2c1
 .bss.hspi1     0x20000094       0x58 ./Core/Src/main.o
                0x20000094                hspi1
 .bss.status    0x200000ec        0x1 ./Core/Src/main.o
                0x200000ec                status
 *fill*         0x200000ed        0x3 
 .bss.str       0x200000f0       0x10 ./Core/Src/main.o
                0x200000f0                str
 .bss.sNum      0x20000100        0x5 ./Core/Src/main.o
                0x20000100                sNum
 *fill*         0x20000105        0x3 
 .bss.uwTick    0x20000108        0x4 ./Drivers/STM32F1xx_HAL_Driver/Src/stm32f1xx_hal.o
                0x20000108                uwTick
 *(COMMON)
                0x2000010c                        . = ALIGN (0x4)
                0x2000010c                        _ebss = .
                0x2000010c                        __bss_end__ = _ebss

._user_heap_stack
                0x2000010c      0x604 load address 0x08002ce0
                0x20000110                        . = ALIGN (0x8)
 *fill*         0x2000010c        0x4 
                [!provide]                        PROVIDE (end = .)
                0x20000110                        PROVIDE (_end = .)
                0x20000310                        . = (. + _Min_Heap_Size)
 *fill*         0x20000110      0x200 
                0x20000710                        . = (. + _Min_Stack_Size)
 *fill*         0x20000310      0x400 
                0x20000710                        . = ALIGN (0x8)

/DISCARD/
 libc.a(*)
 libm.a(*)
 libgcc.a(*)

.ARM.attributes
                0x00000000       0x29
 *(.ARM.attributes)
 .ARM.attributes
                0x00000000       0x1d D:/TKHTN/STM32 cube/STM32CubeIDE_1.16.1/STM32CubeIDE/plugins/com.st.stm32cube.ide.mcu.externaltools.gnu-tools-for-stm32.12.3.rel1.win32_1.0.200.202406191623/tools/bin/../lib/gcc/arm-none-eabi/12.3.1/thumb/v7-m/nofp/crti.o
 .ARM.attributes
                0x0000001d       0x2d D:/TKHTN/STM32 cube/STM32CubeIDE_1.16.1/STM32CubeIDE/plugins/com.st.stm32cube.ide.mcu.externaltools.gnu-tools-for-stm32.12.3.rel1.win32_1.0.200.202406191623/tools/bin/../lib/gcc/arm-none-eabi/12.3.1/thumb/v7-m/nofp/crtbegin.o
 .ARM.attributes
                0x0000004a       0x2d ./Core/Src/Rc522.o
 .ARM.attributes
                0x00000077       0x2d ./Core/Src/liquidcrystal_i2c.o
 .ARM.attributes
                0x000000a4       0x2d ./Core/Src/main.o
 .ARM.attributes
                0x000000d1       0x2d ./Core/Src/stm32f1xx_hal_msp.o
 .ARM.attributes
                0x000000fe       0x2d ./Core/Src/stm32f1xx_it.o
 .ARM.attributes
                0x0000012b       0x2d ./Core/Src/system_stm32f1xx.o
 .ARM.attributes
                0x00000158       0x21 ./Core/Startup/startup_stm32f103c8tx.o
 .ARM.attributes
                0x00000179       0x2d ./Drivers/STM32F1xx_HAL_Driver/Src/stm32f1xx_hal.o
 .ARM.attributes
                0x000001a6       0x2d ./Drivers/STM32F1xx_HAL_Driver/Src/stm32f1xx_hal_cortex.o
 .ARM.attributes
                0x000001d3       0x2d ./Drivers/STM32F1xx_HAL_Driver/Src/stm32f1xx_hal_gpio.o
 .ARM.attributes
                0x00000200       0x2d ./Drivers/STM32F1xx_HAL_Driver/Src/stm32f1xx_hal_i2c.o
 .ARM.attributes
                0x0000022d       0x2d ./Drivers/STM32F1xx_HAL_Driver/Src/stm32f1xx_hal_rcc.o
 .ARM.attributes
                0x0000025a       0x2d ./Drivers/STM32F1xx_HAL_Driver/Src/stm32f1xx_hal_spi.o
 .ARM.attributes
                0x00000287       0x2d D:/TKHTN/STM32 cube/STM32CubeIDE_1.16.1/STM32CubeIDE/plugins/com.st.stm32cube.ide.mcu.externaltools.gnu-tools-for-stm32.12.3.rel1.win32_1.0.200.202406191623/tools/bin/../lib/gcc/arm-none-eabi/12.3.1/../../../../arm-none-eabi/lib/thumb/v7-m/nofp\libc_nano.a(libc_a-memset.o)
 .ARM.attributes
                0x000002b4       0x2d D:/TKHTN/STM32 cube/STM32CubeIDE_1.16.1/STM32CubeIDE/plugins/com.st.stm32cube.ide.mcu.externaltools.gnu-tools-for-stm32.12.3.rel1.win32_1.0.200.202406191623/tools/bin/../lib/gcc/arm-none-eabi/12.3.1/../../../../arm-none-eabi/lib/thumb/v7-m/nofp\libc_nano.a(libc_a-init.o)
 .ARM.attributes
                0x000002e1       0x1d D:/TKHTN/STM32 cube/STM32CubeIDE_1.16.1/STM32CubeIDE/plugins/com.st.stm32cube.ide.mcu.externaltools.gnu-tools-for-stm32.12.3.rel1.win32_1.0.200.202406191623/tools/bin/../lib/gcc/arm-none-eabi/12.3.1/thumb/v7-m/nofp/crtn.o
OUTPUT(RC522.elf elf32-littlearm)
LOAD linker stubs
LOAD D:/TKHTN/STM32 cube/STM32CubeIDE_1.16.1/STM32CubeIDE/plugins/com.st.stm32cube.ide.mcu.externaltools.gnu-tools-for-stm32.12.3.rel1.win32_1.0.200.202406191623/tools/bin/../lib/gcc/arm-none-eabi/12.3.1/../../../../arm-none-eabi/lib/thumb/v7-m/nofp\libc.a
LOAD D:/TKHTN/STM32 cube/STM32CubeIDE_1.16.1/STM32CubeIDE/plugins/com.st.stm32cube.ide.mcu.externaltools.gnu-tools-for-stm32.12.3.rel1.win32_1.0.200.202406191623/tools/bin/../lib/gcc/arm-none-eabi/12.3.1/../../../../arm-none-eabi/lib/thumb/v7-m/nofp\libm.a
LOAD D:/TKHTN/STM32 cube/STM32CubeIDE_1.16.1/STM32CubeIDE/plugins/com.st.stm32cube.ide.mcu.externaltools.gnu-tools-for-stm32.12.3.rel1.win32_1.0.200.202406191623/tools/bin/../lib/gcc/arm-none-eabi/12.3.1/thumb/v7-m/nofp\libgcc.a

.debug_info     0x00000000     0x8c5b
 .debug_info    0x00000000      0xbc4 ./Core/Src/Rc522.o
 .debug_info    0x00000bc4      0xc1c ./Core/Src/liquidcrystal_i2c.o
 .debug_info    0x000017e0      0xd84 ./Core/Src/main.o
 .debug_info    0x00002564      0xb36 ./Core/Src/stm32f1xx_hal_msp.o
 .debug_info    0x0000309a      0x113 ./Core/Src/stm32f1xx_it.o
 .debug_info    0x000031ad      0x222 ./Core/Src/system_stm32f1xx.o
 .debug_info    0x000033cf       0x30 ./Core/Startup/startup_stm32f103c8tx.o
 .debug_info    0x000033ff      0x704 ./Drivers/STM32F1xx_HAL_Driver/Src/stm32f1xx_hal.o
 .debug_info    0x00003b03      0xa87 ./Drivers/STM32F1xx_HAL_Driver/Src/stm32f1xx_hal_cortex.o
 .debug_info    0x0000458a      0x5ab ./Drivers/STM32F1xx_HAL_Driver/Src/stm32f1xx_hal_gpio.o
 .debug_info    0x00004b35     0x2524 ./Drivers/STM32F1xx_HAL_Driver/Src/stm32f1xx_hal_i2c.o
 .debug_info    0x00007059      0x7d5 ./Drivers/STM32F1xx_HAL_Driver/Src/stm32f1xx_hal_rcc.o
 .debug_info    0x0000782e     0x142d ./Drivers/STM32F1xx_HAL_Driver/Src/stm32f1xx_hal_spi.o

.debug_abbrev   0x00000000     0x1a6b
 .debug_abbrev  0x00000000      0x2a3 ./Core/Src/Rc522.o
 .debug_abbrev  0x000002a3      0x2cb ./Core/Src/liquidcrystal_i2c.o
 .debug_abbrev  0x0000056e      0x2e8 ./Core/Src/main.o
 .debug_abbrev  0x00000856      0x1ac ./Core/Src/stm32f1xx_hal_msp.o
 .debug_abbrev  0x00000a02       0x73 ./Core/Src/stm32f1xx_it.o
 .debug_abbrev  0x00000a75      0x13f ./Core/Src/system_stm32f1xx.o
 .debug_abbrev  0x00000bb4       0x24 ./Core/Startup/startup_stm32f103c8tx.o
 .debug_abbrev  0x00000bd8      0x201 ./Drivers/STM32F1xx_HAL_Driver/Src/stm32f1xx_hal.o
 .debug_abbrev  0x00000dd9      0x2f8 ./Drivers/STM32F1xx_HAL_Driver/Src/stm32f1xx_hal_cortex.o
 .debug_abbrev  0x000010d1      0x1ca ./Drivers/STM32F1xx_HAL_Driver/Src/stm32f1xx_hal_gpio.o
 .debug_abbrev  0x0000129b      0x2a3 ./Drivers/STM32F1xx_HAL_Driver/Src/stm32f1xx_hal_i2c.o
 .debug_abbrev  0x0000153e      0x2b3 ./Drivers/STM32F1xx_HAL_Driver/Src/stm32f1xx_hal_rcc.o
 .debug_abbrev  0x000017f1      0x27a ./Drivers/STM32F1xx_HAL_Driver/Src/stm32f1xx_hal_spi.o

.debug_aranges  0x00000000      0xa30
 .debug_aranges
                0x00000000       0xa8 ./Core/Src/Rc522.o
 .debug_aranges
                0x000000a8      0x110 ./Core/Src/liquidcrystal_i2c.o
 .debug_aranges
                0x000001b8       0x48 ./Core/Src/main.o
 .debug_aranges
                0x00000200       0x40 ./Core/Src/stm32f1xx_hal_msp.o
 .debug_aranges
                0x00000240       0x60 ./Core/Src/stm32f1xx_it.o
 .debug_aranges
                0x000002a0       0x28 ./Core/Src/system_stm32f1xx.o
 .debug_aranges
                0x000002c8       0x28 ./Core/Startup/startup_stm32f103c8tx.o
 .debug_aranges
                0x000002f0       0xe0 ./Drivers/STM32F1xx_HAL_Driver/Src/stm32f1xx_hal.o
 .debug_aranges
                0x000003d0      0x100 ./Drivers/STM32F1xx_HAL_Driver/Src/stm32f1xx_hal_cortex.o
 .debug_aranges
                0x000004d0       0x58 ./Drivers/STM32F1xx_HAL_Driver/Src/stm32f1xx_hal_gpio.o
 .debug_aranges
                0x00000528      0x2a8 ./Drivers/STM32F1xx_HAL_Driver/Src/stm32f1xx_hal_i2c.o
 .debug_aranges
                0x000007d0       0x90 ./Drivers/STM32F1xx_HAL_Driver/Src/stm32f1xx_hal_rcc.o
 .debug_aranges
                0x00000860      0x1d0 ./Drivers/STM32F1xx_HAL_Driver/Src/stm32f1xx_hal_spi.o

.debug_rnglists
                0x00000000      0x7cf
 .debug_rnglists
                0x00000000       0x7e ./Core/Src/Rc522.o
 .debug_rnglists
                0x0000007e       0xc8 ./Core/Src/liquidcrystal_i2c.o
 .debug_rnglists
                0x00000146       0x34 ./Core/Src/main.o
 .debug_rnglists
                0x0000017a       0x2c ./Core/Src/stm32f1xx_hal_msp.o
 .debug_rnglists
                0x000001a6       0x43 ./Core/Src/stm32f1xx_it.o
 .debug_rnglists
                0x000001e9       0x1a ./Core/Src/system_stm32f1xx.o
 .debug_rnglists
                0x00000203       0x19 ./Core/Startup/startup_stm32f103c8tx.o
 .debug_rnglists
                0x0000021c       0xa3 ./Drivers/STM32F1xx_HAL_Driver/Src/stm32f1xx_hal.o
 .debug_rnglists
                0x000002bf       0xbb ./Drivers/STM32F1xx_HAL_Driver/Src/stm32f1xx_hal_cortex.o
 .debug_rnglists
                0x0000037a       0x3f ./Drivers/STM32F1xx_HAL_Driver/Src/stm32f1xx_hal_gpio.o
 .debug_rnglists
                0x000003b9      0x23c ./Drivers/STM32F1xx_HAL_Driver/Src/stm32f1xx_hal_i2c.o
 .debug_rnglists
                0x000005f5       0x6c ./Drivers/STM32F1xx_HAL_Driver/Src/stm32f1xx_hal_rcc.o
 .debug_rnglists
                0x00000661      0x16e ./Drivers/STM32F1xx_HAL_Driver/Src/stm32f1xx_hal_spi.o

.debug_macro    0x00000000    0x17427
 .debug_macro   0x00000000      0x1a1 ./Core/Src/Rc522.o
 .debug_macro   0x000001a1      0xaa8 ./Core/Src/Rc522.o
 .debug_macro   0x00000c49      0x21b ./Core/Src/Rc522.o
 .debug_macro   0x00000e64       0x2e ./Core/Src/Rc522.o
 .debug_macro   0x00000e92       0x22 ./Core/Src/Rc522.o
 .debug_macro   0x00000eb4       0x22 ./Core/Src/Rc522.o
 .debug_macro   0x00000ed6       0x8e ./Core/Src/Rc522.o
 .debug_macro   0x00000f64       0x51 ./Core/Src/Rc522.o
 .debug_macro   0x00000fb5      0x103 ./Core/Src/Rc522.o
 .debug_macro   0x000010b8       0x6a ./Core/Src/Rc522.o
 .debug_macro   0x00001122      0x1df ./Core/Src/Rc522.o
 .debug_macro   0x00001301       0x1c ./Core/Src/Rc522.o
 .debug_macro   0x0000131d       0x22 ./Core/Src/Rc522.o
 .debug_macro   0x0000133f       0xbd ./Core/Src/Rc522.o
 .debug_macro   0x000013fc      0xd23 ./Core/Src/Rc522.o
 .debug_macro   0x0000211f     0xe09e ./Core/Src/Rc522.o
 .debug_macro   0x000101bd       0x6d ./Core/Src/Rc522.o
 .debug_macro   0x0001022a     0x34a2 ./Core/Src/Rc522.o
 .debug_macro   0x000136cc      0x189 ./Core/Src/Rc522.o
 .debug_macro   0x00013855       0x5c ./Core/Src/Rc522.o
 .debug_macro   0x000138b1      0x5bc ./Core/Src/Rc522.o
 .debug_macro   0x00013e6d      0x289 ./Core/Src/Rc522.o
 .debug_macro   0x000140f6      0x1cb ./Core/Src/Rc522.o
 .debug_macro   0x000142c1      0x114 ./Core/Src/Rc522.o
 .debug_macro   0x000143d5      0x1b2 ./Core/Src/Rc522.o
 .debug_macro   0x00014587       0x27 ./Core/Src/Rc522.o
 .debug_macro   0x000145ae      0x136 ./Core/Src/Rc522.o
 .debug_macro   0x000146e4      0x1bc ./Core/Src/Rc522.o
 .debug_macro   0x000148a0       0x34 ./Core/Src/Rc522.o
 .debug_macro   0x000148d4       0x3c ./Core/Src/Rc522.o
 .debug_macro   0x00014910       0x57 ./Core/Src/Rc522.o
 .debug_macro   0x00014967       0x87 ./Core/Src/Rc522.o
 .debug_macro   0x000149ee      0x240 ./Core/Src/Rc522.o
 .debug_macro   0x00014c2e      0x287 ./Core/Src/Rc522.o
 .debug_macro   0x00014eb5      0x140 ./Core/Src/Rc522.o
 .debug_macro   0x00014ff5      0x217 ./Core/Src/Rc522.o
 .debug_macro   0x0001520c       0x83 ./Core/Src/Rc522.o
 .debug_macro   0x0001528f      0x23e ./Core/Src/Rc522.o
 .debug_macro   0x000154cd      0x1a7 ./Core/Src/liquidcrystal_i2c.o
 .debug_macro   0x00015674       0xd0 ./Core/Src/liquidcrystal_i2c.o
 .debug_macro   0x00015744      0x282 ./Core/Src/main.o
 .debug_macro   0x000159c6       0xd6 ./Core/Src/main.o
 .debug_macro   0x00015a9c      0x23e ./Core/Src/main.o
 .debug_macro   0x00015cda       0x61 ./Core/Src/main.o
 .debug_macro   0x00015d3b       0x24 ./Core/Src/main.o
 .debug_macro   0x00015d5f       0x43 ./Core/Src/main.o
 .debug_macro   0x00015da2       0x34 ./Core/Src/main.o
 .debug_macro   0x00015dd6       0x16 ./Core/Src/main.o
 .debug_macro   0x00015dec       0x43 ./Core/Src/main.o
 .debug_macro   0x00015e2f       0x34 ./Core/Src/main.o
 .debug_macro   0x00015e63       0x10 ./Core/Src/main.o
 .debug_macro   0x00015e73       0x58 ./Core/Src/main.o
 .debug_macro   0x00015ecb       0x8e ./Core/Src/main.o
 .debug_macro   0x00015f59       0x1c ./Core/Src/main.o
 .debug_macro   0x00015f75      0x177 ./Core/Src/main.o
 .debug_macro   0x000160ec      0x369 ./Core/Src/main.o
 .debug_macro   0x00016455       0x10 ./Core/Src/main.o
 .debug_macro   0x00016465       0x35 ./Core/Src/main.o
 .debug_macro   0x0001649a       0x20 ./Core/Src/main.o
 .debug_macro   0x000164ba      0x1a2 ./Core/Src/stm32f1xx_hal_msp.o
 .debug_macro   0x0001665c      0x1ac ./Core/Src/stm32f1xx_it.o
 .debug_macro   0x00016808      0x198 ./Core/Src/system_stm32f1xx.o
 .debug_macro   0x000169a0      0x1bc ./Drivers/STM32F1xx_HAL_Driver/Src/stm32f1xx_hal.o
 .debug_macro   0x00016b5c      0x198 ./Drivers/STM32F1xx_HAL_Driver/Src/stm32f1xx_hal_cortex.o
 .debug_macro   0x00016cf4      0x203 ./Drivers/STM32F1xx_HAL_Driver/Src/stm32f1xx_hal_gpio.o
 .debug_macro   0x00016ef7      0x1e6 ./Drivers/STM32F1xx_HAL_Driver/Src/stm32f1xx_hal_i2c.o
 .debug_macro   0x000170dd      0x1aa ./Drivers/STM32F1xx_HAL_Driver/Src/stm32f1xx_hal_rcc.o
 .debug_macro   0x00017287      0x1a0 ./Drivers/STM32F1xx_HAL_Driver/Src/stm32f1xx_hal_spi.o

.debug_line     0x00000000     0xc6ff
 .debug_line    0x00000000      0xca6 ./Core/Src/Rc522.o
 .debug_line    0x00000ca6      0xb99 ./Core/Src/liquidcrystal_i2c.o
 .debug_line    0x0000183f      0xb16 ./Core/Src/main.o
 .debug_line    0x00002355      0x849 ./Core/Src/stm32f1xx_hal_msp.o
 .debug_line    0x00002b9e      0x86d ./Core/Src/stm32f1xx_it.o
 .debug_line    0x0000340b      0x829 ./Core/Src/system_stm32f1xx.o
 .debug_line    0x00003c34       0x78 ./Core/Startup/startup_stm32f103c8tx.o
 .debug_line    0x00003cac      0xa56 ./Drivers/STM32F1xx_HAL_Driver/Src/stm32f1xx_hal.o
 .debug_line    0x00004702      0xc42 ./Drivers/STM32F1xx_HAL_Driver/Src/stm32f1xx_hal_cortex.o
 .debug_line    0x00005344      0xaef ./Drivers/STM32F1xx_HAL_Driver/Src/stm32f1xx_hal_gpio.o
 .debug_line    0x00005e33     0x3cf3 ./Drivers/STM32F1xx_HAL_Driver/Src/stm32f1xx_hal_i2c.o
 .debug_line    0x00009b26      0xe5f ./Drivers/STM32F1xx_HAL_Driver/Src/stm32f1xx_hal_rcc.o
 .debug_line    0x0000a985     0x1d7a ./Drivers/STM32F1xx_HAL_Driver/Src/stm32f1xx_hal_spi.o

.debug_str      0x00000000    0x83f80
 .debug_str     0x00000000    0x7e2d7 ./Core/Src/Rc522.o
                              0x7e681 (size before relaxing)
 .debug_str     0x0007e2d7      0x88a ./Core/Src/liquidcrystal_i2c.o
                              0x7e4fd (size before relaxing)
 .debug_str     0x0007eb61     0x3385 ./Core/Src/main.o
                              0x81d97 (size before relaxing)
 .debug_str     0x00081ee6       0xae ./Core/Src/stm32f1xx_hal_msp.o
                              0x7e154 (size before relaxing)
 .debug_str     0x00081f94       0xc9 ./Core/Src/stm32f1xx_it.o
                              0x7da76 (size before relaxing)
 .debug_str     0x0008205d       0x6e ./Core/Src/system_stm32f1xx.o
                              0x7da8c (size before relaxing)
 .debug_str     0x000820cb       0x44 ./Core/Startup/startup_stm32f103c8tx.o
                                 0x59 (size before relaxing)
 .debug_str     0x0008210f      0x5f8 ./Drivers/STM32F1xx_HAL_Driver/Src/stm32f1xx_hal.o
                              0x7e1bf (size before relaxing)
 .debug_str     0x00082707      0x2b1 ./Drivers/STM32F1xx_HAL_Driver/Src/stm32f1xx_hal_cortex.o
                              0x7e10b (size before relaxing)
 .debug_str     0x000829b8      0x2e6 ./Drivers/STM32F1xx_HAL_Driver/Src/stm32f1xx_hal_gpio.o
                              0x7de12 (size before relaxing)
 .debug_str     0x00082c9e      0xbc2 ./Drivers/STM32F1xx_HAL_Driver/Src/stm32f1xx_hal_i2c.o
                              0x7eb53 (size before relaxing)
 .debug_str     0x00083860      0x209 ./Drivers/STM32F1xx_HAL_Driver/Src/stm32f1xx_hal_rcc.o
                              0x7debb (size before relaxing)
 .debug_str     0x00083a69      0x517 ./Drivers/STM32F1xx_HAL_Driver/Src/stm32f1xx_hal_spi.o
                              0x7e3b2 (size before relaxing)

.comment        0x00000000       0x43
 .comment       0x00000000       0x43 ./Core/Src/Rc522.o
                                 0x44 (size before relaxing)
 .comment       0x00000043       0x44 ./Core/Src/liquidcrystal_i2c.o
 .comment       0x00000043       0x44 ./Core/Src/main.o
 .comment       0x00000043       0x44 ./Core/Src/stm32f1xx_hal_msp.o
 .comment       0x00000043       0x44 ./Core/Src/stm32f1xx_it.o
 .comment       0x00000043       0x44 ./Core/Src/system_stm32f1xx.o
 .comment       0x00000043       0x44 ./Drivers/STM32F1xx_HAL_Driver/Src/stm32f1xx_hal.o
 .comment       0x00000043       0x44 ./Drivers/STM32F1xx_HAL_Driver/Src/stm32f1xx_hal_cortex.o
 .comment       0x00000043       0x44 ./Drivers/STM32F1xx_HAL_Driver/Src/stm32f1xx_hal_gpio.o
 .comment       0x00000043       0x44 ./Drivers/STM32F1xx_HAL_Driver/Src/stm32f1xx_hal_i2c.o
 .comment       0x00000043       0x44 ./Drivers/STM32F1xx_HAL_Driver/Src/stm32f1xx_hal_rcc.o
 .comment       0x00000043       0x44 ./Drivers/STM32F1xx_HAL_Driver/Src/stm32f1xx_hal_spi.o

.debug_frame    0x00000000     0x2914
 .debug_frame   0x00000000      0x288 ./Core/Src/Rc522.o
 .debug_frame   0x00000288      0x3f0 ./Core/Src/liquidcrystal_i2c.o
 .debug_frame   0x00000678       0xc4 ./Core/Src/main.o
 .debug_frame   0x0000073c       0xc8 ./Core/Src/stm32f1xx_hal_msp.o
 .debug_frame   0x00000804      0x104 ./Core/Src/stm32f1xx_it.o
 .debug_frame   0x00000908       0x58 ./Core/Src/system_stm32f1xx.o
 .debug_frame   0x00000960      0x334 ./Drivers/STM32F1xx_HAL_Driver/Src/stm32f1xx_hal.o
 .debug_frame   0x00000c94      0x428 ./Drivers/STM32F1xx_HAL_Driver/Src/stm32f1xx_hal_cortex.o
 .debug_frame   0x000010bc      0x14c ./Drivers/STM32F1xx_HAL_Driver/Src/stm32f1xx_hal_gpio.o
 .debug_frame   0x00001208      0xc84 ./Drivers/STM32F1xx_HAL_Driver/Src/stm32f1xx_hal_i2c.o
 .debug_frame   0x00001e8c      0x218 ./Drivers/STM32F1xx_HAL_Driver/Src/stm32f1xx_hal_rcc.o
 .debug_frame   0x000020a4      0x824 ./Drivers/STM32F1xx_HAL_Driver/Src/stm32f1xx_hal_spi.o
 .debug_frame   0x000028c8       0x20 D:/TKHTN/STM32 cube/STM32CubeIDE_1.16.1/STM32CubeIDE/plugins/com.st.stm32cube.ide.mcu.externaltools.gnu-tools-for-stm32.12.3.rel1.win32_1.0.200.202406191623/tools/bin/../lib/gcc/arm-none-eabi/12.3.1/../../../../arm-none-eabi/lib/thumb/v7-m/nofp\libc_nano.a(libc_a-memset.o)
 .debug_frame   0x000028e8       0x2c D:/TKHTN/STM32 cube/STM32CubeIDE_1.16.1/STM32CubeIDE/plugins/com.st.stm32cube.ide.mcu.externaltools.gnu-tools-for-stm32.12.3.rel1.win32_1.0.200.202406191623/tools/bin/../lib/gcc/arm-none-eabi/12.3.1/../../../../arm-none-eabi/lib/thumb/v7-m/nofp\libc_nano.a(libc_a-init.o)

.debug_line_str
                0x00000000       0x3d
 .debug_line_str
                0x00000000       0x3d ./Core/Startup/startup_stm32f103c8tx.o
