../Core/Inc/funtion.h:21:6:parse_data	40	static
../Core/Inc/funtion.h:57:10:calculate_crc	32	static
../Core/Inc/funtion.h:75:10:check_crc	288	static
../Core/Inc/funtion.h:99:5:stringToHex	24	static
../Core/Inc/funtion.h:111:6:data_struct_to_string	32	static
../Core/Inc/funtion.h:130:6:reverseString	32	static
../Core/Inc/funtion.h:149:6:convertTo12BitBinaryString	24	static
../Core/Inc/funtion.h:161:14:find_bit_position	32	static
../Core/Inc/funtion.h:188:6:convert_to_char	32	static
../Core/Inc/funtion.h:209:7:gen_data_send_rs485	288	static
../Core/Src/main.c:145:6:UserDelayUntil	24	static
../Core/Src/main.c:162:5:main	224	static
../Core/Src/main.c:281:6:SystemClock_Config	72	static
../Core/Src/main.c:321:13:MX_I2C1_Init	8	static
../Core/Src/main.c:355:13:MX_USART1_UART_Init	8	static
../Core/Src/main.c:388:13:MX_GPIO_Init	40	static
../Core/Src/main.c:425:6:HAL_GPIO_EXTI_Callback	16	static,ignoring_inline_asm
../Core/Src/main.c:444:6:RX_Task	424	static
../Core/Src/main.c:568:6:LCD_Task	56	static
../Core/Src/main.c:610:6:Temp_Task	40	static
../Core/Src/main.c:641:6:Press_Task	40	static
../Core/Src/main.c:673:6:Key_Task	72	static
../Core/Src/main.c:739:6:TX_Task	88	static
../Core/Src/main.c:775:6:HAL_TIM_PeriodElapsedCallback	16	static
../Core/Src/main.c:792:6:Error_Handler	4	static,ignoring_inline_asm
