../Core/Src/funtion.h:21:6:parse_data	40	static
../Core/Src/funtion.h:57:10:calculate_crc	32	static
../Core/Src/funtion.h:75:10:check_crc	288	static
../Core/Src/funtion.h:99:5:stringToHex	24	static
../Core/Src/funtion.h:111:6:data_struct_to_string	32	static
../Core/Src/funtion.h:130:6:reverseString	32	static
../Core/Src/funtion.h:149:6:convertTo12BitBinaryString	24	static
../Core/Src/funtion.h:161:14:find_bit_position	32	static
../Core/Src/funtion.h:188:6:convert_to_char	32	static
../Core/Src/funtion.h:209:7:gen_data_send_rs485	288	static
../Core/Src/main.c:74:5:main	232	static
../Core/Src/main.c:166:6:SystemClock_Config	72	static
../Core/Src/main.c:206:13:MX_I2C1_Init	8	static
../Core/Src/main.c:240:13:MX_USART1_UART_Init	8	static
../Core/Src/main.c:273:13:MX_GPIO_Init	40	static
../Core/Src/main.c:307:6:Error_Handler	4	static,ignoring_inline_asm
