../Core/Src/main.c:70:6:Print	16	static
../Core/Src/main.c:173:6:HAL_TIM_IC_CaptureCallback	16	static
../Core/Src/main.c:194:6:HAL_TIM_OC_DelayElapsedCallback	16	static
../Core/Src/main.c:208:5:main	8	static
../Core/Src/main.c:305:6:SystemClock_Config	72	static
../Core/Src/main.c:342:13:MX_I2C1_Init	8	static
../Core/Src/main.c:376:13:MX_TIM2_Init	48	static
../Core/Src/main.c:434:13:MX_TIM3_Init	64	static
../Core/Src/main.c:493:13:MX_USART1_Init	8	static
../Core/Src/main.c:527:13:MX_GPIO_Init	40	static
../Core/Src/main.c:603:6:Error_Handler	4	static,ignoring_inline_asm
