../Core/Inc/funtion.h:21:6:parse_data	40	static
../Core/Inc/funtion.h:57:10:calculate_crc	32	static
../Core/Inc/funtion.h:75:10:check_crc	288	static
../Core/Inc/funtion.h:99:5:stringToHex	24	static
../Core/Inc/funtion.h:111:6:data_struct_to_string	32	static
../Core/Inc/funtion.h:130:6:reverseString	32	static
../Core/Inc/funtion.h:149:6:convertTo12BitBinaryString	24	static
../Core/Inc/funtion.h:161:14:find_bit_position	32	static
../Core/Inc/funtion.h:188:6:convert_to_char	32	static
../Core/Inc/funtion.h:209:7:gen_data_send_rs485	288	static
../Core/Src/main.c:89:6:TaskMPR121	24	static
../Core/Src/main.c:136:6:TaskTempBMP180	8	static
../Core/Src/main.c:141:6:TaskPressBMP180	8	static
../Core/Src/main.c:146:6:TaskLCD	24	static
../Core/Src/main.c:167:6:TaskRX	288	static
../Core/Src/main.c:237:6:TaskTX	8	static
../Core/Src/main.c:271:5:main	8	static
../Core/Src/main.c:332:6:SystemClock_Config	72	static
../Core/Src/main.c:372:13:MX_I2C1_Init	8	static
../Core/Src/main.c:406:13:MX_USART1_UART_Init	8	static
../Core/Src/main.c:439:13:MX_GPIO_Init	40	static
../Core/Src/main.c:476:6:HAL_GPIO_EXTI_Callback	16	static,ignoring_inline_asm
../Core/Src/main.c:492:6:Error_Handler	4	static,ignoring_inline_asm
