13:51:55 **** Incremental Build of configuration Debug for project RMS ****
make -j8 all 
arm-none-eabi-gcc "../Core/Src/main.c" -mcpu=cortex-m3 -std=gnu11 -g3 -DDEBUG -DUSE_HAL_DRIVER -DSTM32F103xB -c -I../Core/Inc -I../Drivers/STM32F1xx_HAL_Driver/Inc -I../Drivers/STM32F1xx_HAL_Driver/Inc/Legacy -I../Drivers/CMSIS/Device/ST/STM32F1xx/Include -I../Drivers/CMSIS/Include -I../Middlewares/Third_Party/FreeRTOS/Source/include -I../Middlewares/Third_Party/FreeRTOS/Source/CMSIS_RTOS -I../Middlewares/Third_Party/FreeRTOS/Source/portable/GCC/ARM_CM3 -O0 -ffunction-sections -fdata-sections -Wall -fstack-usage -fcyclomatic-complexity -MMD -MP -MF"Core/Src/main.d" -MT"Core/Src/main.o" --specs=nano.specs -mfloat-abi=soft -mthumb -o "Core/Src/main.o"
arm-none-eabi-gcc -o "RMS.elf" @"objects.list"   -mcpu=cortex-m3 -T"D:\File\Project\TKHTN2024\CodeSTM\RMS\STM32F103C8TX_FLASH.ld" --specs=nosys.specs -Wl,-Map="RMS.map" -Wl,--gc-sections -static -u _printf_float --specs=nano.specs -mfloat-abi=soft -mthumb -Wl,--start-group -lc -lm -Wl,--end-group
Finished building target: RMS.elf
 
arm-none-eabi-size  RMS.elf 
arm-none-eabi-objdump -h -S RMS.elf  > "RMS.list"
   text	   data	    bss	    dec	    hex	filename
  50112	    692	  19636	  70440	  11328	RMS.elf
Finished building: default.size.stdout
 
Finished building: RMS.list
 
14:01:49 **** Incremental Build of configuration Debug for project RMS ****
make -j8 all 
arm-none-eabi-gcc "../Core/Src/main.c" -mcpu=cortex-m3 -std=gnu11 -g3 -DDEBUG -DUSE_HAL_DRIVER -DSTM32F103xB -c -I../Core/Inc -I../Drivers/STM32F1xx_HAL_Driver/Inc -I../Drivers/STM32F1xx_HAL_Driver/Inc/Legacy -I../Drivers/CMSIS/Device/ST/STM32F1xx/Include -I../Drivers/CMSIS/Include -I../Middlewares/Third_Party/FreeRTOS/Source/include -I../Middlewares/Third_Party/FreeRTOS/Source/CMSIS_RTOS -I../Middlewares/Third_Party/FreeRTOS/Source/portable/GCC/ARM_CM3 -O0 -ffunction-sections -fdata-sections -Wall -fstack-usage -fcyclomatic-complexity -MMD -MP -MF"Core/Src/main.d" -MT"Core/Src/main.o" --specs=nano.specs -mfloat-abi=soft -mthumb -o "Core/Src/main.o"
arm-none-eabi-gcc -o "RMS.elf" @"objects.list"   -mcpu=cortex-m3 -T"D:\File\Project\TKHTN2024\CodeSTM\RMS\STM32F103C8TX_FLASH.ld" --specs=nosys.specs -Wl,-Map="RMS.map" -Wl,--gc-sections -static -u _printf_float --specs=nano.specs -mfloat-abi=soft -mthumb -Wl,--start-group -lc -lm -Wl,--end-group
Finished building target: RMS.elf
 
arm-none-eabi-size  RMS.elf 
arm-none-eabi-objdump -h -S RMS.elf  > "RMS.list"
   text	   data	    bss	    dec	    hex	filename
  49856	    676	  19636	  70168	  11218	RMS.elf
Finished building: default.size.stdout
 
Finished building: RMS.list
 
14:07:48 **** Incremental Build of configuration Debug for project RMS ****
make -j8 all 
arm-none-eabi-gcc "../Core/Src/main.c" -mcpu=cortex-m3 -std=gnu11 -g3 -DDEBUG -DUSE_HAL_DRIVER -DSTM32F103xB -c -I../Core/Inc -I../Drivers/STM32F1xx_HAL_Driver/Inc -I../Drivers/STM32F1xx_HAL_Driver/Inc/Legacy -I../Drivers/CMSIS/Device/ST/STM32F1xx/Include -I../Drivers/CMSIS/Include -I../Middlewares/Third_Party/FreeRTOS/Source/include -I../Middlewares/Third_Party/FreeRTOS/Source/CMSIS_RTOS -I../Middlewares/Third_Party/FreeRTOS/Source/portable/GCC/ARM_CM3 -O0 -ffunction-sections -fdata-sections -Wall -fstack-usage -fcyclomatic-complexity -MMD -MP -MF"Core/Src/main.d" -MT"Core/Src/main.o" --specs=nano.specs -mfloat-abi=soft -mthumb -o "Core/Src/main.o"
../Core/Src/main.c: In function 'RX_Task':
../Core/Src/main.c:521:59: warning: pointer targets in passing argument 1 of 'sscanf' differ in signedness [-Wpointer-sign]
  521 |                                           if(sscanf(result.Data, "%d%d%d%d",&Task, &NewC, &NewD, &NewT) == 4)
      |                                                     ~~~~~~^~~~~
      |                                                           |
      |                                                           uint8_t * {aka unsigned char *}
In file included from ../Core/Src/main.c:26:
C:\ST\STM32CubeIDE_1.15.1\STM32CubeIDE\plugins\com.st.stm32cube.ide.mcu.externaltools.gnu-tools-for-stm32.12.3.rel1.win32_1.1.0.202410251130\tools\bin/../lib/gcc/arm-none-eabi/12.3.1/../../../../arm-none-eabi/include/stdio.h:210:17: note: expected 'const char * restrict' but argument is of type 'uint8_t *' {aka 'unsigned char *'}
  210 | int     sscanf (const char *__restrict, const char *__restrict, ...)
      |                 ^
arm-none-eabi-gcc -o "RMS.elf" @"objects.list"   -mcpu=cortex-m3 -T"D:\File\Project\TKHTN2024\CodeSTM\RMS\STM32F103C8TX_FLASH.ld" --specs=nosys.specs -Wl,-Map="RMS.map" -Wl,--gc-sections -static -u _printf_float --specs=nano.specs -mfloat-abi=soft -mthumb -Wl,--start-group -lc -lm -Wl,--end-group
Finished building target: RMS.elf
 
arm-none-eabi-size  RMS.elf 
arm-none-eabi-objdump -h -S RMS.elf  > "RMS.list"
   text	   data	    bss	    dec	    hex	filename
  52140	    696	  19632	  72468	  11b14	RMS.elf
Finished building: default.size.stdout
 
Finished building: RMS.list
 
14:08:31 **** Incremental Build of configuration Debug for project RMS ****
make -j8 all 
arm-none-eabi-gcc "../Core/Src/main.c" -mcpu=cortex-m3 -std=gnu11 -g3 -DDEBUG -DUSE_HAL_DRIVER -DSTM32F103xB -c -I../Core/Inc -I../Drivers/STM32F1xx_HAL_Driver/Inc -I../Drivers/STM32F1xx_HAL_Driver/Inc/Legacy -I../Drivers/CMSIS/Device/ST/STM32F1xx/Include -I../Drivers/CMSIS/Include -I../Middlewares/Third_Party/FreeRTOS/Source/include -I../Middlewares/Third_Party/FreeRTOS/Source/CMSIS_RTOS -I../Middlewares/Third_Party/FreeRTOS/Source/portable/GCC/ARM_CM3 -O0 -ffunction-sections -fdata-sections -Wall -fstack-usage -fcyclomatic-complexity -MMD -MP -MF"Core/Src/main.d" -MT"Core/Src/main.o" --specs=nano.specs -mfloat-abi=soft -mthumb -o "Core/Src/main.o"
arm-none-eabi-gcc -o "RMS.elf" @"objects.list"   -mcpu=cortex-m3 -T"D:\File\Project\TKHTN2024\CodeSTM\RMS\STM32F103C8TX_FLASH.ld" --specs=nosys.specs -Wl,-Map="RMS.map" -Wl,--gc-sections -static -u _printf_float --specs=nano.specs -mfloat-abi=soft -mthumb -Wl,--start-group -lc -lm -Wl,--end-group
Finished building target: RMS.elf
 
arm-none-eabi-size  RMS.elf 
arm-none-eabi-objdump -h -S RMS.elf  > "RMS.list"
   text	   data	    bss	    dec	    hex	filename
  52140	    696	  19632	  72468	  11b14	RMS.elf
Finished building: default.size.stdout
 
Finished building: RMS.list
 
14:12:03 **** Incremental Build of configuration Debug for project RMS ****
make -j8 all 
arm-none-eabi-gcc "../Core/Src/main.c" -mcpu=cortex-m3 -std=gnu11 -g3 -DDEBUG -DUSE_HAL_DRIVER -DSTM32F103xB -c -I../Core/Inc -I../Drivers/STM32F1xx_HAL_Driver/Inc -I../Drivers/STM32F1xx_HAL_Driver/Inc/Legacy -I../Drivers/CMSIS/Device/ST/STM32F1xx/Include -I../Drivers/CMSIS/Include -I../Middlewares/Third_Party/FreeRTOS/Source/include -I../Middlewares/Third_Party/FreeRTOS/Source/CMSIS_RTOS -I../Middlewares/Third_Party/FreeRTOS/Source/portable/GCC/ARM_CM3 -O0 -ffunction-sections -fdata-sections -Wall -fstack-usage -fcyclomatic-complexity -MMD -MP -MF"Core/Src/main.d" -MT"Core/Src/main.o" --specs=nano.specs -mfloat-abi=soft -mthumb -o "Core/Src/main.o"
arm-none-eabi-gcc -o "RMS.elf" @"objects.list"   -mcpu=cortex-m3 -T"D:\File\Project\TKHTN2024\CodeSTM\RMS\STM32F103C8TX_FLASH.ld" --specs=nosys.specs -Wl,-Map="RMS.map" -Wl,--gc-sections -static -u _printf_float --specs=nano.specs -mfloat-abi=soft -mthumb -Wl,--start-group -lc -lm -Wl,--end-group
Finished building target: RMS.elf
 
arm-none-eabi-size  RMS.elf 
arm-none-eabi-objdump -h -S RMS.elf  > "RMS.list"
   text	   data	    bss	    dec	    hex	filename
  52204	    720	  19632	  72556	  11b6c	RMS.elf
Finished building: default.size.stdout
 
Finished building: RMS.list
 
