12:36:49 **** Incremental Build of configuration Debug for project I2CSPI ****
make -j16 all 
arm-none-eabi-gcc "../Core/Src/main.c" -mcpu=cortex-m3 -std=gnu11 -g3 -DDEBUG -DUSE_HAL_DRIVER -DSTM32F103xB -c -I../Core/Inc -I../Drivers/STM32F1xx_HAL_Driver/Inc/Legacy -I../Drivers/STM32F1xx_HAL_Driver/Inc -I../Drivers/CMSIS/Device/ST/STM32F1xx/Include -I../Drivers/CMSIS/Include -O0 -ffunction-sections -fdata-sections -Wall -fstack-usage -fcyclomatic-complexity -MMD -MP -MF"Core/Src/main.d" -MT"Core/Src/main.o" --specs=nano.specs -mfloat-abi=soft -mthumb -o "Core/Src/main.o"
arm-none-eabi-gcc -o "I2CSPI.elf" @"objects.list"   -mcpu=cortex-m3 -T"C:\Users\Laptop K1\Downloads\I2CSPI\I2CSPI\STM32F103C8TX_FLASH.ld" --specs=nosys.specs -Wl,-Map="I2CSPI.map" -Wl,--gc-sections -static --specs=nano.specs -mfloat-abi=soft -mthumb -Wl,--start-group -lc -lm -Wl,--end-group
Finished building target: I2CSPI.elf
 
arm-none-eabi-size  I2CSPI.elf 
arm-none-eabi-objdump -h -S I2CSPI.elf  > "I2CSPI.list"
   text	   data	    bss	    dec	    hex	filename
  23412	    144	   2160	  25716	   6474	I2CSPI.elf
Finished building: default.size.stdout
 
Finished building: I2CSPI.list
 

12:36:50 Build Finished. 0 errors, 0 warnings. (took 1s.108ms)

