22:28:40 **** Incremental Build of configuration Debug for project RMS ****
make -j8 all 
arm-none-eabi-size  RMS.elf 
   text	   data	    bss	    dec	    hex	filename
  32112	    236	  19788	  52136	   cba8	RMS.elf
Finished building: default.size.stdout
 
22:30:00 **** Incremental Build of configuration Debug for project RMS ****
make -j8 all 
arm-none-eabi-gcc -o "RMS.elf" @"objects.list"   -mcpu=cortex-m3 -T"D:\File\Project\TKHTN2024\CodeSTM\RMS\STM32F103C8TX_FLASH.ld" --specs=nosys.specs -Wl,-Map="RMS.map" -Wl,--gc-sections -static -u _printf_float --specs=nano.specs -mfloat-abi=soft -mthumb -Wl,--start-group -lc -lm -Wl,--end-group
Finished building target: RMS.elf
 
arm-none-eabi-size  RMS.elf 
arm-none-eabi-objdump -h -S RMS.elf  > "RMS.list"
   text	   data	    bss	    dec	    hex	filename
  42400	    612	  19796	  62808	   f558	RMS.elf
Finished building: default.size.stdout
 
Finished building: RMS.list
 
22:31:41 **** Incremental Build of configuration Debug for project RMS ****
make -j8 all 
arm-none-eabi-size  RMS.elf 
   text	   data	    bss	    dec	    hex	filename
  42400	    612	  19796	  62808	   f558	RMS.elf
Finished building: default.size.stdout
 
22:34:35 **** Incremental Build of configuration Debug for project RMS ****
make -j8 all 
arm-none-eabi-gcc "../Core/Src/main.c" -mcpu=cortex-m3 -std=gnu11 -g3 -DDEBUG -DUSE_HAL_DRIVER -DSTM32F103xB -c -I../Core/Inc -I../Drivers/STM32F1xx_HAL_Driver/Inc -I../Drivers/STM32F1xx_HAL_Driver/Inc/Legacy -I../Drivers/CMSIS/Device/ST/STM32F1xx/Include -I../Drivers/CMSIS/Include -I../Middlewares/Third_Party/FreeRTOS/Source/include -I../Middlewares/Third_Party/FreeRTOS/Source/CMSIS_RTOS -I../Middlewares/Third_Party/FreeRTOS/Source/portable/GCC/ARM_CM3 -O0 -ffunction-sections -fdata-sections -Wall -fstack-usage -fcyclomatic-complexity -MMD -MP -MF"Core/Src/main.d" -MT"Core/Src/main.o" --specs=nano.specs -mfloat-abi=soft -mthumb -o "Core/Src/main.o"
arm-none-eabi-gcc -o "RMS.elf" @"objects.list"   -mcpu=cortex-m3 -T"D:\File\Project\TKHTN2024\CodeSTM\RMS\STM32F103C8TX_FLASH.ld" --specs=nosys.specs -Wl,-Map="RMS.map" -Wl,--gc-sections -static -u _printf_float --specs=nano.specs -mfloat-abi=soft -mthumb -Wl,--start-group -lc -lm -Wl,--end-group
Finished building target: RMS.elf
 
arm-none-eabi-size  RMS.elf 
arm-none-eabi-objdump -h -S RMS.elf  > "RMS.list"
   text	   data	    bss	    dec	    hex	filename
  42400	    612	  19796	  62808	   f558	RMS.elf
Finished building: default.size.stdout
 
Finished building: RMS.list
 
22:37:15 **** Incremental Build of configuration Debug for project RMS ****
make -j8 all 
arm-none-eabi-size  RMS.elf 
   text	   data	    bss	    dec	    hex	filename
  42400	    612	  19796	  62808	   f558	RMS.elf
Finished building: default.size.stdout
 
